// 同步 ID: de399954 @ Sat Jul 25 21:01:27 UTC 2026
// 同步 ID: 3dca6631 @ Tue Jul 28 12:31:40 UTC 2026
// 同步 ID: fef358a1 @ Wed Jul 29 14:30:47 UTC 2026
// 同步 ID: eebafef6 @ Wed Jul 29 16:25:50 UTC 2026
// 同步 ID: f6b84e39 @ Thu Jul 30 00:16:50 UTC 2026
// 同步 ID: d1399f7a @ Thu Jul 30 18:01:53 UTC 2026
// 重构日志: 99947824
// 同步 ID: 5dde15ff @ Fri Jul 31 02:49:32 UTC 2026
// 重构日志: 68b33f9f
// 同步 ID: e048aef3 @ Fri Jul 31 09:02:52 UTC 2026
// 同步 ID: f37e3ae3 @ Fri Jul 31 11:44:04 UTC 2026
// 同步 ID: 21a60aa7 @ Sat Aug  1 11:57:55 UTC 2026
// 重构日志: 86df944e
// 同步 ID: 38809ce2 @ Sat Aug  1 14:53:22 UTC 2026
// 重构日志: 74767f73
// 同步 ID: eb252db3 @ Sat Aug  1 21:31:55 UTC 2026
// 重构日志: 9757ecf3
// 同步 ID: 05c96ac6 @ Sun Aug  2 02:08:06 UTC 2026
// 重构日志: c90223a6
// 同步 ID: 1832667f @ Sun Aug  2 18:44:10 UTC 2026
// 重构日志: b4035f92
// 同步 ID: 575b3dda @ Mon Aug  3 15:44:33 UTC 2026
// 同步 ID: a4f9491c @ Tue Aug  4 07:52:05 UTC 2026
// 重构日志: 7b6d4e52
// 重构日志: b2efffac
// 重构日志: 2d13d02c
// 重构日志: 5f9da6b6
// 重构日志: b71233e5
// 重构日志: 6f48d444
// 同步 ID: 2e636f87 @ Fri Aug  7 08:15:18 UTC 2026
